MPLINK 5.09, LINKER
Linker Map File - Created Thu Jun 05 19:22:56 2025

                                 Section Info
                  Section       Type    Address   Location Size(Bytes)
                ---------  ---------  ---------  ---------  ---------
                   .org_0       code   0x000000    program   0x000002
                   .cinit    romdata   0x000001    program   0x000004
                   .org_1       code   0x000004    program   0x000002
                   .org_2       code   0x000005    program   0x0001cc
.config_2007_BUILD/DEFAULT/PRODUCTION/MAIN.O       code   0x002007    program   0x000002



                              Program Memory Usage 
                               Start         End      
                           ---------   ---------      
                            0x000000    0x000002      
                            0x000004    0x0000ea      
                            0x002007    0x002007      
            235 out of 8455 program addresses used, program memory utilization is 2%



                              Symbols - Sorted by Name
                     Name    Address   Location    Storage File                     
                ---------  ---------  ---------  --------- ---------                
                 ACT_DSPL   0x0000b7    program     static C:\Users\Santiago Alasia\Documents\UNC\Electronica Digital II\TPI-EDII\TPI.X\main.asm
                CONTINUAR   0x0000b6    program     static C:\Users\Santiago Alasia\Documents\UNC\Electronica Digital II\TPI-EDII\TPI.X\main.asm
                    DELAY   0x0000d2    program     static C:\Users\Santiago Alasia\Documents\UNC\Electronica Digital II\TPI-EDII\TPI.X\main.asm
                  Espera1   0x000078    program     static C:\Users\Santiago Alasia\Documents\UNC\Electronica Digital II\TPI-EDII\TPI.X\main.asm
                  Espera2   0x00007a    program     static C:\Users\Santiago Alasia\Documents\UNC\Electronica Digital II\TPI-EDII\TPI.X\main.asm
                  Espera3   0x00007c    program     static C:\Users\Santiago Alasia\Documents\UNC\Electronica Digital II\TPI-EDII\TPI.X\main.asm
                   INICIO   0x000005    program     static C:\Users\Santiago Alasia\Documents\UNC\Electronica Digital II\TPI-EDII\TPI.X\main.asm
                  ISR_FIN   0x0000a0    program     static C:\Users\Santiago Alasia\Documents\UNC\Electronica Digital II\TPI-EDII\TPI.X\main.asm
               ISR_INICIO   0x000048    program     static C:\Users\Santiago Alasia\Documents\UNC\Electronica Digital II\TPI-EDII\TPI.X\main.asm
                  ISR_RBI   0x00004e    program     static C:\Users\Santiago Alasia\Documents\UNC\Electronica Digital II\TPI-EDII\TPI.X\main.asm
                     LEDS   0x0000a5    program     static C:\Users\Santiago Alasia\Documents\UNC\Electronica Digital II\TPI-EDII\TPI.X\main.asm
              LOAD_TECLA1   0x000094    program     static C:\Users\Santiago Alasia\Documents\UNC\Electronica Digital II\TPI-EDII\TPI.X\main.asm
              LOAD_TECLA2   0x000097    program     static C:\Users\Santiago Alasia\Documents\UNC\Electronica Digital II\TPI-EDII\TPI.X\main.asm
              LOAD_TECLA3   0x00009a    program     static C:\Users\Santiago Alasia\Documents\UNC\Electronica Digital II\TPI-EDII\TPI.X\main.asm
              LOAD_TECLA4   0x00009d    program     static C:\Users\Santiago Alasia\Documents\UNC\Electronica Digital II\TPI-EDII\TPI.X\main.asm
                     LOOP   0x000045    program     static C:\Users\Santiago Alasia\Documents\UNC\Electronica Digital II\TPI-EDII\TPI.X\main.asm
                   LOOP_1   0x0000d4    program     static C:\Users\Santiago Alasia\Documents\UNC\Electronica Digital II\TPI-EDII\TPI.X\main.asm
                   LOOP_2   0x0000d6    program     static C:\Users\Santiago Alasia\Documents\UNC\Electronica Digital II\TPI-EDII\TPI.X\main.asm
                   LOOP_3   0x0000d8    program     static C:\Users\Santiago Alasia\Documents\UNC\Electronica Digital II\TPI-EDII\TPI.X\main.asm
                   NUMERO   0x0000df    program     static C:\Users\Santiago Alasia\Documents\UNC\Electronica Digital II\TPI-EDII\TPI.X\main.asm
                  POOLING   0x000033    program     static C:\Users\Santiago Alasia\Documents\UNC\Electronica Digital II\TPI-EDII\TPI.X\main.asm
                  ROJO_ON   0x0000ae    program     static C:\Users\Santiago Alasia\Documents\UNC\Electronica Digital II\TPI-EDII\TPI.X\main.asm
               TECLA_LOAD   0x00007f    program     static C:\Users\Santiago Alasia\Documents\UNC\Electronica Digital II\TPI-EDII\TPI.X\main.asm
              TECLA_PRESS   0x000052    program     static C:\Users\Santiago Alasia\Documents\UNC\Electronica Digital II\TPI-EDII\TPI.X\main.asm
               TECL_DELAY   0x000078    program     static C:\Users\Santiago Alasia\Documents\UNC\Electronica Digital II\TPI-EDII\TPI.X\main.asm
                 TODO_OFF   0x0000b4    program     static C:\Users\Santiago Alasia\Documents\UNC\Electronica Digital II\TPI-EDII\TPI.X\main.asm
                 VERDE_ON   0x0000b1    program     static C:\Users\Santiago Alasia\Documents\UNC\Electronica Digital II\TPI-EDII\TPI.X\main.asm



                              Symbols - Sorted by Address
                     Name    Address   Location    Storage File                     
                ---------  ---------  ---------  --------- ---------                
                   INICIO   0x000005    program     static C:\Users\Santiago Alasia\Documents\UNC\Electronica Digital II\TPI-EDII\TPI.X\main.asm
                  POOLING   0x000033    program     static C:\Users\Santiago Alasia\Documents\UNC\Electronica Digital II\TPI-EDII\TPI.X\main.asm
                     LOOP   0x000045    program     static C:\Users\Santiago Alasia\Documents\UNC\Electronica Digital II\TPI-EDII\TPI.X\main.asm
               ISR_INICIO   0x000048    program     static C:\Users\Santiago Alasia\Documents\UNC\Electronica Digital II\TPI-EDII\TPI.X\main.asm
                  ISR_RBI   0x00004e    program     static C:\Users\Santiago Alasia\Documents\UNC\Electronica Digital II\TPI-EDII\TPI.X\main.asm
              TECLA_PRESS   0x000052    program     static C:\Users\Santiago Alasia\Documents\UNC\Electronica Digital II\TPI-EDII\TPI.X\main.asm
                  Espera1   0x000078    program     static C:\Users\Santiago Alasia\Documents\UNC\Electronica Digital II\TPI-EDII\TPI.X\main.asm
               TECL_DELAY   0x000078    program     static C:\Users\Santiago Alasia\Documents\UNC\Electronica Digital II\TPI-EDII\TPI.X\main.asm
                  Espera2   0x00007a    program     static C:\Users\Santiago Alasia\Documents\UNC\Electronica Digital II\TPI-EDII\TPI.X\main.asm
                  Espera3   0x00007c    program     static C:\Users\Santiago Alasia\Documents\UNC\Electronica Digital II\TPI-EDII\TPI.X\main.asm
               TECLA_LOAD   0x00007f    program     static C:\Users\Santiago Alasia\Documents\UNC\Electronica Digital II\TPI-EDII\TPI.X\main.asm
              LOAD_TECLA1   0x000094    program     static C:\Users\Santiago Alasia\Documents\UNC\Electronica Digital II\TPI-EDII\TPI.X\main.asm
              LOAD_TECLA2   0x000097    program     static C:\Users\Santiago Alasia\Documents\UNC\Electronica Digital II\TPI-EDII\TPI.X\main.asm
              LOAD_TECLA3   0x00009a    program     static C:\Users\Santiago Alasia\Documents\UNC\Electronica Digital II\TPI-EDII\TPI.X\main.asm
              LOAD_TECLA4   0x00009d    program     static C:\Users\Santiago Alasia\Documents\UNC\Electronica Digital II\TPI-EDII\TPI.X\main.asm
                  ISR_FIN   0x0000a0    program     static C:\Users\Santiago Alasia\Documents\UNC\Electronica Digital II\TPI-EDII\TPI.X\main.asm
                     LEDS   0x0000a5    program     static C:\Users\Santiago Alasia\Documents\UNC\Electronica Digital II\TPI-EDII\TPI.X\main.asm
                  ROJO_ON   0x0000ae    program     static C:\Users\Santiago Alasia\Documents\UNC\Electronica Digital II\TPI-EDII\TPI.X\main.asm
                 VERDE_ON   0x0000b1    program     static C:\Users\Santiago Alasia\Documents\UNC\Electronica Digital II\TPI-EDII\TPI.X\main.asm
                 TODO_OFF   0x0000b4    program     static C:\Users\Santiago Alasia\Documents\UNC\Electronica Digital II\TPI-EDII\TPI.X\main.asm
                CONTINUAR   0x0000b6    program     static C:\Users\Santiago Alasia\Documents\UNC\Electronica Digital II\TPI-EDII\TPI.X\main.asm
                 ACT_DSPL   0x0000b7    program     static C:\Users\Santiago Alasia\Documents\UNC\Electronica Digital II\TPI-EDII\TPI.X\main.asm
                    DELAY   0x0000d2    program     static C:\Users\Santiago Alasia\Documents\UNC\Electronica Digital II\TPI-EDII\TPI.X\main.asm
                   LOOP_1   0x0000d4    program     static C:\Users\Santiago Alasia\Documents\UNC\Electronica Digital II\TPI-EDII\TPI.X\main.asm
                   LOOP_2   0x0000d6    program     static C:\Users\Santiago Alasia\Documents\UNC\Electronica Digital II\TPI-EDII\TPI.X\main.asm
                   LOOP_3   0x0000d8    program     static C:\Users\Santiago Alasia\Documents\UNC\Electronica Digital II\TPI-EDII\TPI.X\main.asm
                   NUMERO   0x0000df    program     static C:\Users\Santiago Alasia\Documents\UNC\Electronica Digital II\TPI-EDII\TPI.X\main.asm


